Archive member included to satisfy reference by file (symbol)

kernel/blk_drv/blk_drv.a(ll_rw_blk.o)
                              fs/fs.o (ll_rw_block)
kernel/blk_drv/blk_drv.a(floppy.o)
                              kernel/kernel.o (selected)
kernel/blk_drv/blk_drv.a(hd.o)
                              kernel/kernel.o (do_hd)
kernel/blk_drv/blk_drv.a(ramdisk.o)
                              kernel/blk_drv/blk_drv.a(hd.o) (rd_load)
kernel/chr_drv/chr_drv.a(tty_io.o)
                              init/main.o (tty_init)
kernel/chr_drv/chr_drv.a(console.o)
                              kernel/chr_drv/chr_drv.a(tty_io.o) (con_write)
kernel/chr_drv/chr_drv.a(keyboard.o)
                              kernel/chr_drv/chr_drv.a(console.o) (keyboard_interrupt)
kernel/chr_drv/chr_drv.a(serial.o)
                              kernel/chr_drv/chr_drv.a(tty_io.o) (rs_init)
kernel/chr_drv/chr_drv.a(rs_io.o)
                              kernel/chr_drv/chr_drv.a(serial.o) (rs1_interrupt)
kernel/chr_drv/chr_drv.a(tty_ioctl.o)
                              fs/fs.o (tty_ioctl)
kernel/math/math.a(math_emulate.o)
                              kernel/kernel.o (math_emulate)
lib/lib.a(ctype.o)            kernel/chr_drv/chr_drv.a(tty_io.o) (_ctype)
lib/lib.a(_exit.o)            init/main.o (_exit)
lib/lib.a(open.o)             init/main.o (open)
lib/lib.a(close.o)            init/main.o (close)
lib/lib.a(errno.o)            init/main.o (errno)
lib/lib.a(write.o)            init/main.o (write)
lib/lib.a(dup.o)              init/main.o (dup)
lib/lib.a(setsid.o)           init/main.o (setsid)
lib/lib.a(execve.o)           init/main.o (execve)
lib/lib.a(wait.o)             init/main.o (wait)

分配公共符号
公共符号            大小              文件

errno               0x4               lib/lib.a(errno.o)
hash_table          0x4cc             fs/fs.o
rd_start            0x4               kernel/blk_drv/blk_drv.a(ramdisk.o)
request             0x480             kernel/blk_drv/blk_drv.a(ll_rw_blk.o)
user_stack          0x1000            kernel/kernel.o
_ctmp               0x1               lib/lib.a(ctype.o)
super_block         0x360             fs/fs.o
drive_info          0x20              init/main.o
file_table          0x400             fs/fs.o

Discarded input sections

 .note.GNU-stack
                0x0000000000000000        0x0 init/main.o
 .note.GNU-stack
                0x0000000000000000        0x0 kernel/kernel.o
 .note.GNU-stack
                0x0000000000000000        0x0 mm/mm.o
 .note.GNU-stack
                0x0000000000000000        0x0 fs/fs.o
 .note.GNU-stack
                0x0000000000000000        0x0 kernel/blk_drv/blk_drv.a(ll_rw_blk.o)
 .note.GNU-stack
                0x0000000000000000        0x0 kernel/blk_drv/blk_drv.a(floppy.o)
 .note.GNU-stack
                0x0000000000000000        0x0 kernel/blk_drv/blk_drv.a(hd.o)
 .note.GNU-stack
                0x0000000000000000        0x0 kernel/blk_drv/blk_drv.a(ramdisk.o)
 .note.GNU-stack
                0x0000000000000000        0x0 kernel/chr_drv/chr_drv.a(tty_io.o)
 .note.GNU-stack
                0x0000000000000000        0x0 kernel/chr_drv/chr_drv.a(console.o)
 .note.GNU-stack
                0x0000000000000000        0x0 kernel/chr_drv/chr_drv.a(serial.o)
 .note.GNU-stack
                0x0000000000000000        0x0 kernel/chr_drv/chr_drv.a(tty_ioctl.o)
 .note.GNU-stack
                0x0000000000000000        0x0 kernel/math/math.a(math_emulate.o)
 .note.GNU-stack
                0x0000000000000000        0x0 lib/lib.a(ctype.o)
 .note.GNU-stack
                0x0000000000000000        0x0 lib/lib.a(_exit.o)
 .note.GNU-stack
                0x0000000000000000        0x0 lib/lib.a(open.o)
 .note.GNU-stack
                0x0000000000000000        0x0 lib/lib.a(close.o)
 .note.GNU-stack
                0x0000000000000000        0x0 lib/lib.a(errno.o)
 .note.GNU-stack
                0x0000000000000000        0x0 lib/lib.a(write.o)
 .note.GNU-stack
                0x0000000000000000        0x0 lib/lib.a(dup.o)
 .note.GNU-stack
                0x0000000000000000        0x0 lib/lib.a(setsid.o)
 .note.GNU-stack
                0x0000000000000000        0x0 lib/lib.a(execve.o)
 .note.GNU-stack
                0x0000000000000000        0x0 lib/lib.a(wait.o)

内存配置

名称           来源             长度             属性
*default*        0x0000000000000000 0xffffffffffffffff

Linker script and memory map

段 .text 的地址设置为 0x0
LOAD boot/head.o
LOAD init/main.o
LOAD kernel/kernel.o
LOAD mm/mm.o
LOAD fs/fs.o
LOAD kernel/blk_drv/blk_drv.a
LOAD kernel/chr_drv/chr_drv.a
LOAD kernel/math/math.a
LOAD lib/lib.a
                [!provide]                        PROVIDE (__executable_start, 0x8048000)
                0x0000000008048094                . = (0x8048000 + SIZEOF_HEADERS)

.interp
 *(.interp)

.note.gnu.build-id
 *(.note.gnu.build-id)

.hash
 *(.hash)

.gnu.hash
 *(.gnu.hash)

.dynsym
 *(.dynsym)

.dynstr
 *(.dynstr)

.gnu.version
 *(.gnu.version)

.gnu.version_d
 *(.gnu.version_d)

.gnu.version_r
 *(.gnu.version_r)

.rel.dyn        0x0000000008048094        0x0
 *(.rel.init)
 *(.rel.text .rel.text.* .rel.gnu.linkonce.t.*)
 .rel.text      0x0000000008048094        0x0 boot/head.o
 *(.rel.fini)
 *(.rel.rodata .rel.rodata.* .rel.gnu.linkonce.r.*)
 .rel.rodata    0x0000000008048094        0x0 boot/head.o
 *(.rel.data.rel.ro .rel.data.rel.ro.* .rel.gnu.linkonce.d.rel.ro.*)
 *(.rel.data .rel.data.* .rel.gnu.linkonce.d.*)
 .rel.data      0x0000000008048094        0x0 boot/head.o
 *(.rel.tdata .rel.tdata.* .rel.gnu.linkonce.td.*)
 *(.rel.tbss .rel.tbss.* .rel.gnu.linkonce.tb.*)
 *(.rel.ctors)
 *(.rel.dtors)
 *(.rel.got)
 *(.rel.bss .rel.bss.* .rel.gnu.linkonce.b.*)
 *(.rel.ifunc)

.rel.plt        0x0000000008048094        0x0
 *(.rel.plt)
                [!provide]                        PROVIDE (__rel_iplt_start, .)
 *(.rel.iplt)
 .rel.iplt      0x0000000008048094        0x0 boot/head.o
                [!provide]                        PROVIDE (__rel_iplt_end, .)

.init
 *(SORT(.init))

.plt            0x00000000080480a0        0x0
 *(.plt)
 *(.iplt)
 .iplt          0x00000000080480a0        0x0 boot/head.o

.text           0x0000000000000000    0x12a2e
 *(.text.unlikely .text.*_unlikely .text.unlikely.*)
 *(.text.exit .text.exit.*)
 *(.text.startup .text.startup.*)
 *(.text.hot .text.hot.*)
 *(.text .stub .text.* .gnu.linkonce.t.*)
 .text          0x0000000000000000     0x64b8 boot/head.o
                0x0000000000000000                startup_32
                0x0000000000000000                pg_dir
                0x0000000000005000                tmp_floppy_area
                0x00000000000054b8                idt
                0x0000000000005cb8                gdt
 .text          0x00000000000064b8      0x4fa init/main.o
                0x00000000000064e8                init
                0x00000000000066d8                main
 *fill*         0x00000000000069b2        0x2 
 .text          0x00000000000069b4     0x264b kernel/kernel.o
                0x00000000000069b4                sys_alarm
                0x0000000000006a04                sys_getpid
                0x0000000000006a10                sys_getppid
                0x0000000000006a1c                sys_getuid
                0x0000000000006a29                sys_geteuid
                0x0000000000006a36                sys_getgid
                0x0000000000006a43                sys_getegid
                0x0000000000006a50                sys_nice
                0x0000000000006a6a                show_task
                0x0000000000006acc                show_stat
                0x0000000000006afa                math_state_restore
                0x0000000000006b37                schedule
                0x0000000000006c22                sys_pause
                0x0000000000006c38                sleep_on
                0x0000000000006c8a                interruptible_sleep_on
                0x0000000000006cf8                wake_up
                0x0000000000006d14                ticks_to_floppy_on
                0x0000000000006da8                floppy_on
                0x0000000000006dde                floppy_off
                0x0000000000006dee                do_floppy_timer
                0x0000000000006e66                add_timer
                0x0000000000006f16                do_timer
                0x0000000000006fc4                sched_init
                0x00000000000070fc                system_call
                0x0000000000007178                coprocessor_error
                0x000000000000719c                device_not_available
                0x00000000000071d8                timer_interrupt
                0x0000000000007210                sys_execve
                0x0000000000007220                sys_fork
                0x0000000000007238                hd_interrupt
                0x0000000000007274                floppy_interrupt
                0x00000000000072aa                parallel_interrupt
                0x0000000000007406                do_double_fault
                0x000000000000741f                do_general_protection
                0x0000000000007438                do_divide_error
                0x0000000000007451                do_int3
                0x00000000000074d0                do_nmi
                0x00000000000074e9                do_debug
                0x0000000000007502                do_overflow
                0x000000000000751b                do_bounds
                0x0000000000007534                do_invalid_op
                0x000000000000754d                do_device_not_available
                0x0000000000007566                do_coprocessor_segment_overrun
                0x000000000000757f                do_invalid_TSS
                0x0000000000007598                do_segment_not_present
                0x00000000000075b1                do_stack_segment
                0x00000000000075ca                do_coprocessor_error
                0x00000000000075f1                do_reserved
                0x000000000000760a                trap_init
                0x0000000000007817                divide_error
                0x000000000000784c                debug
                0x0000000000007853                nmi
                0x000000000000785a                int3
                0x0000000000007861                overflow
                0x0000000000007868                bounds
                0x000000000000786f                invalid_op
                0x0000000000007876                coprocessor_segment_overrun
                0x000000000000787d                reserved
                0x0000000000007884                irq13
                0x0000000000007899                double_fault
                0x00000000000078d0                invalid_TSS
                0x00000000000078d7                segment_not_present
                0x00000000000078de                stack_segment
                0x00000000000078e5                general_protection
                0x00000000000078ec                verify_area
                0x0000000000007953                copy_mem
                0x0000000000007a34                copy_process
                0x0000000000007ce1                find_empty_process
                0x0000000000007d48                panic
                0x0000000000007d82                printk
                0x0000000000007fbe                vsprintf
                0x0000000000008354                sys_ftime
                0x000000000000835a                sys_break
                0x0000000000008360                sys_ptrace
                0x0000000000008366                sys_stty
                0x000000000000836c                sys_gtty
                0x0000000000008372                sys_rename
                0x0000000000008378                sys_prof
                0x000000000000837e                sys_setregid
                0x0000000000008405                sys_setgid
                0x0000000000008414                sys_acct
                0x000000000000841a                sys_phys
                0x0000000000008420                sys_lock
                0x0000000000008426                sys_mpx
                0x000000000000842c                sys_ulimit
                0x0000000000008432                sys_time
                0x000000000000847e                sys_setreuid
                0x0000000000008517                sys_setuid
                0x0000000000008526                sys_stime
                0x0000000000008578                sys_times
                0x00000000000085f5                sys_brk
                0x0000000000008623                sys_setpgid
                0x00000000000086a9                sys_getpgrp
                0x00000000000086b5                sys_setsid
                0x00000000000086fb                sys_uname
                0x000000000000874c                sys_umask
                0x000000000000876b                release
                0x00000000000087cd                sys_kill
                0x0000000000008969                do_exit
                0x0000000000008b9f                sys_exit
                0x0000000000008bb6                sys_waitpid
                0x0000000000008d1f                sys_sgetmask
                0x0000000000008d2b                sys_ssetmask
                0x0000000000008d45                sys_signal
                0x0000000000008d83                sys_sigaction
                0x0000000000008e7f                do_signal
                0x0000000000008f9a                kernel_mktime
 .text          0x0000000000008fff      0x837 mm/mm.o
                0x0000000000008fff                get_free_page
                0x0000000000009034                free_page
                0x0000000000009090                free_page_tables
                0x000000000000914e                copy_page_tables
                0x000000000000924d                put_page
                0x00000000000092ea                un_wp_page
                0x00000000000093a5                do_wp_page
                0x00000000000093d3                write_verify
                0x0000000000009414                get_empty_page
                0x0000000000009460                do_no_page
                0x0000000000009722                mem_init
                0x0000000000009772                calc_mem
                0x00000000000097ff                page_fault
 .text          0x0000000000009836     0x5581 fs/fs.o
                0x0000000000009836                sys_ustat
                0x000000000000983c                sys_utime
                0x00000000000098be                sys_access
                0x000000000000995e                sys_chdir
                0x00000000000099c6                sys_chroot
                0x0000000000009a2e                sys_chmod
                0x0000000000009aa3                sys_chown
                0x0000000000009b08                sys_open
                0x0000000000009cd3                sys_creat
                0x0000000000009cec                sys_close
                0x0000000000009d74                sys_lseek
                0x0000000000009e29                sys_read
                0x0000000000009f61                sys_write
                0x000000000000a4b2                invalidate_inodes
                0x000000000000a51b                sync_inodes
                0x000000000000a566                bmap
                0x000000000000a57f                create_block
                0x000000000000a598                iput
                0x000000000000a6f2                get_empty_inode
                0x000000000000a7f3                get_pipe_inode
                0x000000000000a83a                iget
                0x000000000000aad6                sys_sync
                0x000000000000ab3a                sync_dev
                0x000000000000ac1d                check_disk_change
                0x000000000000ace0                get_hash_table
                0x000000000000ad43                getblk
                0x000000000000af4b                brelse
                0x000000000000afa9                bread
                0x000000000000b026                bread_page
                0x000000000000b0da                breada
                0x000000000000b199                buffer_init
                0x000000000000b250                get_super
                0x000000000000b4ec                put_super
                0x000000000000b59d                sys_umount
                0x000000000000b6b8                sys_mount
                0x000000000000b7d4                mount_root
                0x000000000000b93f                block_write
                0x000000000000baab                block_read
                0x000000000000bcaa                rw_char
                0x000000000000bcf4                file_read
                0x000000000000bed5                file_write
                0x000000000000c0f9                sys_stat
                0x000000000000c135                sys_fstat
                0x000000000000c3bc                do_execve
                0x000000000000cd00                read_pipe
                0x000000000000ce04                write_pipe
                0x000000000000cf2e                sys_pipe
                0x000000000000d609                namei
                0x000000000000d6d1                open_namei
                0x000000000000d967                sys_mknod
                0x000000000000db23                sys_mkdir
                0x000000000000ddd8                sys_rmdir
                0x000000000000e201                sys_unlink
                0x000000000000e3f2                sys_link
                0x000000000000e5cf                free_block
                0x000000000000e6cc                new_block
                0x000000000000e7f9                free_inode
                0x000000000000e912                new_inode
                0x000000000000eadf                sys_dup2
                0x000000000000eafd                sys_dup
                0x000000000000eb0d                sys_fcntl
                0x000000000000ebc5                sys_ioctl
                0x000000000000ecb0                truncate
 .text          0x000000000000edb7      0x23d kernel/blk_drv/blk_drv.a(ll_rw_blk.o)
                0x000000000000edb7                ll_rw_block
                0x000000000000efd4                blk_dev_init
 .text          0x000000000000eff4      0x961 kernel/blk_drv/blk_drv.a(floppy.o)
                0x000000000000f619                floppy_deselect
                0x000000000000f854                floppy_change
                0x000000000000f8df                unexpected_floppy_interrupt
                0x000000000000f91e                floppy_init
 .text          0x000000000000f955      0x7bb kernel/blk_drv/blk_drv.a(hd.o)
                0x000000000000fe52                sys_setup
                0x00000000000100b4                unexpected_hd_interrupt
                0x00000000000100c5                hd_init
 .text          0x0000000000010110      0x29c kernel/blk_drv/blk_drv.a(ramdisk.o)
                0x00000000000101df                rd_init
                0x0000000000010211                rd_load
 .text          0x00000000000103ac      0x8b5 kernel/chr_drv/chr_drv.a(tty_io.o)
                0x00000000000103f1                tty_init
                0x0000000000010402                tty_intr
                0x000000000001043c                wait_for_keypress
                0x000000000001044d                copy_to_cooked
                0x00000000000107ef                tty_read
                0x0000000000010a69                tty_write
                0x0000000000010c45                do_tty_interrupt
                0x0000000000010c5f                chr_dev_init
 .text          0x0000000000010c61      0xf3c kernel/chr_drv/chr_drv.a(console.o)
                0x0000000000010f04                csi_m
                0x0000000000010f18                con_write
                0x00000000000119df                con_init
                0x0000000000011b8c                sysbeepstop
 .text          0x0000000000011b9d      0x7e2 kernel/chr_drv/chr_drv.a(keyboard.o)
                0x0000000000011ba0                keyboard_interrupt
 .text          0x000000000001237f       0xdb kernel/chr_drv/chr_drv.a(serial.o)
                0x00000000000123d8                rs_init
                0x0000000000012430                rs_write
 *fill*         0x000000000001245a        0x2 
 .text          0x000000000001245c       0xf7 kernel/chr_drv/chr_drv.a(rs_io.o)
                0x000000000001245c                rs1_interrupt
                0x0000000000012464                rs2_interrupt
 .text          0x0000000000012553      0x32e kernel/chr_drv/chr_drv.a(tty_ioctl.o)
                0x00000000000125a2                tty_ioctl
 .text          0x0000000000012881       0x8a kernel/math/math.a(math_emulate.o)
                0x0000000000012881                math_emulate
                0x00000000000128f7                math_error
 .text          0x000000000001290b        0x0 lib/lib.a(ctype.o)
 .text          0x000000000001290b        0xe lib/lib.a(_exit.o)
                0x000000000001290b                _exit
 .text          0x0000000000012919       0x26 lib/lib.a(open.o)
                0x0000000000012919                open
 .text          0x000000000001293f       0x1e lib/lib.a(close.o)
                0x000000000001293f                close
 .text          0x000000000001295d        0x0 lib/lib.a(errno.o)
 .text          0x000000000001295d       0x26 lib/lib.a(write.o)
                0x000000000001295d                write
 .text          0x0000000000012983       0x1e lib/lib.a(dup.o)
                0x0000000000012983                dup
 .text          0x00000000000129a1       0x19 lib/lib.a(setsid.o)
                0x00000000000129a1                setsid
 .text          0x00000000000129ba       0x26 lib/lib.a(execve.o)
                0x00000000000129ba                execve
 .text          0x00000000000129e0       0x4e lib/lib.a(wait.o)
                0x00000000000129e0                waitpid
                0x0000000000012a06                wait
 *(.gnu.warning)

.fini
 *(SORT(.fini))
                [!provide]                        PROVIDE (__etext, .)
                [!provide]                        PROVIDE (_etext, .)
                [!provide]                        PROVIDE (etext, .)

.rodata         0x0000000000012a40     0x1310
 *(.rodata .rodata.* .gnu.linkonce.r.*)
 .rodata.str1.1
                0x0000000000012a40       0x5c init/main.o
                                         0x64 (size before relaxing)
 .rodata.str1.4
                0x0000000000012a9c       0x49 init/main.o
 *fill*         0x0000000000012ae5       0x1b 
 .rodata        0x0000000000012b00      0x110 kernel/kernel.o
 .rodata.str1.1
                0x0000000000012c10      0x1ee kernel/kernel.o
                                        0x1f3 (size before relaxing)
 *fill*         0x0000000000012dfe        0x2 
 .rodata.str1.4
                0x0000000000012e00      0x17c kernel/kernel.o
 .rodata.str1.4
                0x0000000000012f7c      0x111 mm/mm.o
 .rodata.str1.1
                0x000000000001308d       0x78 mm/mm.o
 *fill*         0x0000000000013105       0x1b 
 .rodata        0x0000000000013120       0x60 fs/fs.o
 .rodata.str1.1
                0x0000000000013180      0x276 fs/fs.o
                                        0x278 (size before relaxing)
 *fill*         0x00000000000133f6        0x2 
 .rodata.str1.4
                0x00000000000133f8      0x37b fs/fs.o
 *fill*         0x0000000000013773        0x1 
 .rodata.str1.4
                0x0000000000013774       0x7b kernel/blk_drv/blk_drv.a(ll_rw_blk.o)
 .rodata.str1.1
                0x00000000000137ef       0x80 kernel/blk_drv/blk_drv.a(floppy.o)
 *fill*         0x000000000001386f        0x1 
 .rodata.str1.4
                0x0000000000013870       0x66 kernel/blk_drv/blk_drv.a(floppy.o)
 .rodata.str1.1
                0x00000000000138d6       0x93 kernel/blk_drv/blk_drv.a(hd.o)
                                         0x96 (size before relaxing)
 *fill*         0x0000000000013969        0x3 
 .rodata.str1.4
                0x000000000001396c       0x9a kernel/blk_drv/blk_drv.a(hd.o)
 *fill*         0x0000000000013a06        0x2 
 .rodata.str1.4
                0x0000000000013a08       0xee kernel/blk_drv/blk_drv.a(ramdisk.o)
 .rodata.str1.1
                0x0000000000013af6       0x48 kernel/blk_drv/blk_drv.a(ramdisk.o)
 .rodata.str1.1
                0x0000000000013b3e       0x1c kernel/chr_drv/chr_drv.a(console.o)
 *fill*         0x0000000000013b5a        0x2 
 .rodata        0x0000000000013b5c       0xec kernel/chr_drv/chr_drv.a(console.o)
 .rodata.str1.1
                0x0000000000013c48       0x11 kernel/chr_drv/chr_drv.a(tty_ioctl.o)
 *fill*         0x0000000000013c59        0x7 
 .rodata        0x0000000000013c60       0xa0 kernel/chr_drv/chr_drv.a(tty_ioctl.o)
 .rodata.str1.1
                0x0000000000013d00       0x30 kernel/math/math.a(math_emulate.o)
 .rodata.str1.4
                0x0000000000013d30       0x20 kernel/math/math.a(math_emulate.o)

.rodata1
 *(.rodata1)

.eh_frame_hdr
 *(.eh_frame_hdr)

.eh_frame       0x0000000000013d50     0x3c6c
 *(.eh_frame)
 .eh_frame      0x0000000000013d50      0x144 init/main.o
 .eh_frame      0x0000000000013e94      0xd78 kernel/kernel.o
                                        0xe68 (size before relaxing)
 .eh_frame      0x0000000000014c0c      0x300 mm/mm.o
                                        0x318 (size before relaxing)
 .eh_frame      0x0000000000014f0c     0x1e54 fs/fs.o
                                       0x1fd4 (size before relaxing)
 .eh_frame      0x0000000000016d60       0x90 kernel/blk_drv/blk_drv.a(ll_rw_blk.o)
                                         0xa8 (size before relaxing)
 .eh_frame      0x0000000000016df0      0x288 kernel/blk_drv/blk_drv.a(floppy.o)
                                        0x2a0 (size before relaxing)
 .eh_frame      0x0000000000017078      0x248 kernel/blk_drv/blk_drv.a(hd.o)
                                        0x260 (size before relaxing)
 .eh_frame      0x00000000000172c0      0x144 kernel/blk_drv/blk_drv.a(ramdisk.o)
                                        0x15c (size before relaxing)
 .eh_frame      0x0000000000017404      0x1ec kernel/chr_drv/chr_drv.a(tty_io.o)
                                        0x204 (size before relaxing)
 .eh_frame      0x00000000000175f0      0x128 kernel/chr_drv/chr_drv.a(console.o)
                                        0x140 (size before relaxing)
 .eh_frame      0x0000000000017718       0x4c kernel/chr_drv/chr_drv.a(serial.o)
                                         0x64 (size before relaxing)
 .eh_frame      0x0000000000017764      0x100 kernel/chr_drv/chr_drv.a(tty_ioctl.o)
                                        0x118 (size before relaxing)
 .eh_frame      0x0000000000017864       0x64 kernel/math/math.a(math_emulate.o)
                                         0x7c (size before relaxing)
 .eh_frame      0x00000000000178c8       0x1c lib/lib.a(_exit.o)
                                         0x34 (size before relaxing)
 .eh_frame      0x00000000000178e4       0x1c lib/lib.a(open.o)
                                         0x34 (size before relaxing)
 .eh_frame      0x0000000000017900       0x1c lib/lib.a(close.o)
                                         0x34 (size before relaxing)
 .eh_frame      0x000000000001791c       0x1c lib/lib.a(write.o)
                                         0x34 (size before relaxing)
 .eh_frame      0x0000000000017938       0x1c lib/lib.a(dup.o)
                                         0x34 (size before relaxing)
 .eh_frame      0x0000000000017954       0x14 lib/lib.a(setsid.o)
                                         0x2c (size before relaxing)
 .eh_frame      0x0000000000017968       0x1c lib/lib.a(execve.o)
                                         0x34 (size before relaxing)
 .eh_frame      0x0000000000017984       0x38 lib/lib.a(wait.o)
                                         0x50 (size before relaxing)

.gcc_except_table
 *(.gcc_except_table .gcc_except_table.*)

.exception_ranges
 *(.exception_ranges .exception_ranges*)
                0x00000000000179bc                . = (ALIGN (0x1000) - ((0x1000 - .) & 0xfff))
                0x0000000000018000                . = DATA_SEGMENT_ALIGN (0x1000, 0x1000)

.eh_frame
 *(.eh_frame)

.gcc_except_table
 *(.gcc_except_table .gcc_except_table.*)

.exception_ranges
 *(.exception_ranges .exception_ranges*)

.tdata
 *(.tdata .tdata.* .gnu.linkonce.td.*)

.tbss
 *(.tbss .tbss.* .gnu.linkonce.tb.*)
 *(.tcommon)

.preinit_array  0x0000000000018000        0x0
                [!provide]                        PROVIDE (__preinit_array_start, .)
 *(.preinit_array)
                [!provide]                        PROVIDE (__preinit_array_end, .)

.init_array     0x0000000000018000        0x0
                [!provide]                        PROVIDE (__init_array_start, .)
 *(SORT(.init_array.*) SORT(.ctors.*))
 *(.init_array EXCLUDE_FILE(*crtend?.o *crtend.o *crtbegin?.o *crtbegin.o) .ctors)
                [!provide]                        PROVIDE (__init_array_end, .)

.fini_array     0x0000000000018000        0x0
                [!provide]                        PROVIDE (__fini_array_start, .)
 *(SORT(.fini_array.*) SORT(.dtors.*))
 *(.fini_array EXCLUDE_FILE(*crtend?.o *crtend.o *crtbegin?.o *crtbegin.o) .dtors)
                [!provide]                        PROVIDE (__fini_array_end, .)

.ctors
 *crtbegin.o(.ctors)
 *crtbegin?.o(.ctors)
 *(EXCLUDE_FILE(*crtend?.o *crtend.o) .ctors)
 *(SORT(.ctors.*))
 *(.ctors)

.dtors
 *crtbegin.o(.dtors)
 *crtbegin?.o(.dtors)
 *(EXCLUDE_FILE(*crtend?.o *crtend.o) .dtors)
 *(SORT(.dtors.*))
 *(.dtors)

.jcr
 *(.jcr)

.data.rel.ro
 *(.data.rel.ro.local* .gnu.linkonce.d.rel.ro.local.*)
 *(.data.rel.ro .data.rel.ro.* .gnu.linkonce.d.rel.ro.*)

.dynamic
 *(.dynamic)

.got
 *(.got)
 *(.igot)
                0x0000000000018000                . = DATA_SEGMENT_RELRO_END (., (SIZEOF (.got.plt) >= 0xc)?0xc:0x0)

.got.plt        0x0000000000018000        0x0
 *(.got.plt)
 *(.igot.plt)
 .igot.plt      0x0000000000018000        0x0 boot/head.o

.data           0x0000000000018000     0x3a01
 *(.data .data.* .gnu.linkonce.d.*)
 .data          0x0000000000018000        0x0 boot/head.o
 .data          0x0000000000018000       0x20 init/main.o
 .data          0x0000000000018020     0x128d kernel/kernel.o
                0x0000000000018020                current_DOR
                0x0000000000018024                stack_start
                0x0000000000018040                task
                0x0000000000018140                current
                0x0000000000019160                sys_call_table
 .data          0x00000000000192ad        0x0 mm/mm.o
 *fill*         0x00000000000192ad        0x3 
 .data          0x00000000000192b0        0x8 fs/fs.o
                0x00000000000192b4                start_buffer
 .data          0x00000000000192b8        0x0 kernel/blk_drv/blk_drv.a(ll_rw_blk.o)
 *fill*         0x00000000000192b8        0x8 
 .data          0x00000000000192c0       0xe0 kernel/blk_drv/blk_drv.a(floppy.o)
 .data          0x00000000000193a0        0xc kernel/blk_drv/blk_drv.a(hd.o)
 .data          0x00000000000193ac        0x0 kernel/blk_drv/blk_drv.a(ramdisk.o)
 *fill*         0x00000000000193ac       0x14 
 .data          0x00000000000193c0     0x2540 kernel/chr_drv/chr_drv.a(tty_io.o)
                0x00000000000193c0                table_list
                0x00000000000193e0                tty_table
 .data          0x000000000001b900        0x0 kernel/chr_drv/chr_drv.a(console.o)
 .data          0x000000000001b900        0x0 kernel/chr_drv/chr_drv.a(keyboard.o)
 .data          0x000000000001b900        0x0 kernel/chr_drv/chr_drv.a(serial.o)
 .data          0x000000000001b900        0x0 kernel/chr_drv/chr_drv.a(rs_io.o)
 .data          0x000000000001b900        0x0 kernel/chr_drv/chr_drv.a(tty_ioctl.o)
 .data          0x000000000001b900        0x0 kernel/math/math.a(math_emulate.o)
 .data          0x000000000001b900      0x101 lib/lib.a(ctype.o)
                0x000000000001b900                _ctype
 .data          0x000000000001ba01        0x0 lib/lib.a(_exit.o)
 .data          0x000000000001ba01        0x0 lib/lib.a(open.o)
 .data          0x000000000001ba01        0x0 lib/lib.a(close.o)
 .data          0x000000000001ba01        0x0 lib/lib.a(errno.o)
 .data          0x000000000001ba01        0x0 lib/lib.a(write.o)
 .data          0x000000000001ba01        0x0 lib/lib.a(dup.o)
 .data          0x000000000001ba01        0x0 lib/lib.a(setsid.o)
 .data          0x000000000001ba01        0x0 lib/lib.a(execve.o)
 .data          0x000000000001ba01        0x0 lib/lib.a(wait.o)

.data1
 *(.data1)
                0x000000000001ba01                _edata = .
                [!provide]                        PROVIDE (edata, .)
                0x000000000001ba01                . = .
                0x000000000001ba01                __bss_start = .

.bss            0x000000000001ba20     0x446c
 *(.dynbss)
 *(.bss .bss.* .gnu.linkonce.b.*)
 .bss           0x000000000001ba20        0x0 boot/head.o
 .bss           0x000000000001ba20      0x420 init/main.o
 .bss           0x000000000001be40      0x760 kernel/kernel.o
                0x000000000001be40                last_task_used_math
                0x000000000001be44                startup_time
                0x000000000001be48                jiffies
                0x000000000001c190                last_pid
 .bss           0x000000000001c5a0      0xf04 mm/mm.o
 *fill*         0x000000000001d4a4       0x1c 
 .bss           0x000000000001d4c0      0x710 fs/fs.o
                0x000000000001d4c0                inode_table
                0x000000000001dbc0                nr_buffers
                0x000000000001dbcc                ROOT_DEV
 *fill*         0x000000000001dbd0       0x10 
 .bss           0x000000000001dbe0       0x3c kernel/blk_drv/blk_drv.a(ll_rw_blk.o)
                0x000000000001dbe0                blk_dev
                0x000000000001dc18                wait_for_request
 .bss           0x000000000001dc1c       0x20 kernel/blk_drv/blk_drv.a(floppy.o)
                0x000000000001dc1c                wait_on_floppy_select
                0x000000000001dc20                selected
 *fill*         0x000000000001dc3c        0x4 
 .bss           0x000000000001dc40       0x94 kernel/blk_drv/blk_drv.a(hd.o)
                0x000000000001dc40                hd_info
                0x000000000001dc70                do_floppy
                0x000000000001dc74                do_hd
 .bss           0x000000000001dcd4        0x4 kernel/blk_drv/blk_drv.a(ramdisk.o)
                0x000000000001dcd4                rd_length
 .bss           0x000000000001dcd8        0x4 kernel/chr_drv/chr_drv.a(tty_io.o)
 *fill*         0x000000000001dcdc        0x4 
 .bss           0x000000000001dce0       0xa1 kernel/chr_drv/chr_drv.a(console.o)
                0x000000000001dce0                beepcount
 .bss           0x000000000001dd81        0x0 kernel/chr_drv/chr_drv.a(keyboard.o)
 .bss           0x000000000001dd81        0x0 kernel/chr_drv/chr_drv.a(serial.o)
 .bss           0x000000000001dd81        0x0 kernel/chr_drv/chr_drv.a(rs_io.o)
 .bss           0x000000000001dd81        0x0 kernel/chr_drv/chr_drv.a(tty_ioctl.o)
 .bss           0x000000000001dd81        0x0 kernel/math/math.a(math_emulate.o)
 .bss           0x000000000001dd81        0x0 lib/lib.a(ctype.o)
 .bss           0x000000000001dd81        0x0 lib/lib.a(_exit.o)
 .bss           0x000000000001dd81        0x0 lib/lib.a(open.o)
 .bss           0x000000000001dd81        0x0 lib/lib.a(close.o)
 .bss           0x000000000001dd81        0x0 lib/lib.a(errno.o)
 .bss           0x000000000001dd81        0x0 lib/lib.a(write.o)
 .bss           0x000000000001dd81        0x0 lib/lib.a(dup.o)
 .bss           0x000000000001dd81        0x0 lib/lib.a(setsid.o)
 .bss           0x000000000001dd81        0x0 lib/lib.a(execve.o)
 .bss           0x000000000001dd81        0x0 lib/lib.a(wait.o)
 *(COMMON)
 *fill*         0x000000000001dd81       0x1f 
 COMMON         0x000000000001dda0       0x20 init/main.o
                0x000000000001dda0                drive_info
 COMMON         0x000000000001ddc0     0x1000 kernel/kernel.o
                0x000000000001ddc0                user_stack
 COMMON         0x000000000001edc0      0xc40 fs/fs.o
                0x000000000001edc0                hash_table
                0x000000000001f2a0                super_block
                0x000000000001f600                file_table
 COMMON         0x000000000001fa00      0x480 kernel/blk_drv/blk_drv.a(ll_rw_blk.o)
                0x000000000001fa00                request
 COMMON         0x000000000001fe80        0x4 kernel/blk_drv/blk_drv.a(ramdisk.o)
                0x000000000001fe80                rd_start
 COMMON         0x000000000001fe84        0x1 lib/lib.a(ctype.o)
                0x000000000001fe84                _ctmp
 *fill*         0x000000000001fe85        0x3 
 COMMON         0x000000000001fe88        0x4 lib/lib.a(errno.o)
                0x000000000001fe88                errno
                0x000000000001fe8c                . = ALIGN ((. != 0x0)?0x4:0x1)
                0x000000000001fe8c                . = ALIGN (0x4)
                0x000000000001fe8c                . = SEGMENT_START ("ldata-segment", .)
                0x000000000001fe8c                . = ALIGN (0x4)
                0x000000000001fe8c                _end = .
                0x000000000001fe8c                PROVIDE (end, .)
                0x000000000001fe8c                . = DATA_SEGMENT_END (.)

.stab
 *(.stab)

.stabstr
 *(.stabstr)

.stab.excl
 *(.stab.excl)

.stab.exclstr
 *(.stab.exclstr)

.stab.index
 *(.stab.index)

.stab.indexstr
 *(.stab.indexstr)

.comment        0x0000000000000000       0x2d
 *(.comment)
 .comment       0x0000000000000000       0x2d init/main.o
                                         0x2e (size before relaxing)
 .comment       0x000000000000002d      0x1cc kernel/kernel.o
 .comment       0x000000000000002d       0x2e mm/mm.o
 .comment       0x000000000000002d      0x30e fs/fs.o
 .comment       0x000000000000002d       0x2e kernel/blk_drv/blk_drv.a(ll_rw_blk.o)
 .comment       0x000000000000002d       0x2e kernel/blk_drv/blk_drv.a(floppy.o)
 .comment       0x000000000000002d       0x2e kernel/blk_drv/blk_drv.a(hd.o)
 .comment       0x000000000000002d       0x2e kernel/blk_drv/blk_drv.a(ramdisk.o)
 .comment       0x000000000000002d       0x2e kernel/chr_drv/chr_drv.a(tty_io.o)
 .comment       0x000000000000002d       0x2e kernel/chr_drv/chr_drv.a(console.o)
 .comment       0x000000000000002d       0x2e kernel/chr_drv/chr_drv.a(serial.o)
 .comment       0x000000000000002d       0x2e kernel/chr_drv/chr_drv.a(tty_ioctl.o)
 .comment       0x000000000000002d       0x2e kernel/math/math.a(math_emulate.o)
 .comment       0x000000000000002d       0x2e lib/lib.a(ctype.o)
 .comment       0x000000000000002d       0x2e lib/lib.a(_exit.o)
 .comment       0x000000000000002d       0x2e lib/lib.a(open.o)
 .comment       0x000000000000002d       0x2e lib/lib.a(close.o)
 .comment       0x000000000000002d       0x2e lib/lib.a(errno.o)
 .comment       0x000000000000002d       0x2e lib/lib.a(write.o)
 .comment       0x000000000000002d       0x2e lib/lib.a(dup.o)
 .comment       0x000000000000002d       0x2e lib/lib.a(setsid.o)
 .comment       0x000000000000002d       0x2e lib/lib.a(execve.o)
 .comment       0x000000000000002d       0x2e lib/lib.a(wait.o)

.debug
 *(.debug)

.line
 *(.line)

.debug_srcinfo
 *(.debug_srcinfo)

.debug_sfnames
 *(.debug_sfnames)

.debug_aranges  0x0000000000000000      0x5e8
 *(.debug_aranges)
 .debug_aranges
                0x0000000000000000       0x20 init/main.o
 .debug_aranges
                0x0000000000000020      0x140 kernel/kernel.o
 .debug_aranges
                0x0000000000000160       0x20 mm/mm.o
 .debug_aranges
                0x0000000000000180      0x218 fs/fs.o
 .debug_aranges
                0x0000000000000398       0x20 kernel/blk_drv/blk_drv.a(ll_rw_blk.o)
 .debug_aranges
                0x00000000000003b8       0x20 kernel/blk_drv/blk_drv.a(floppy.o)
 .debug_aranges
                0x00000000000003d8       0x20 kernel/blk_drv/blk_drv.a(hd.o)
 .debug_aranges
                0x00000000000003f8       0x20 kernel/blk_drv/blk_drv.a(ramdisk.o)
 .debug_aranges
                0x0000000000000418       0x20 kernel/chr_drv/chr_drv.a(tty_io.o)
 .debug_aranges
                0x0000000000000438       0x20 kernel/chr_drv/chr_drv.a(console.o)
 .debug_aranges
                0x0000000000000458       0x20 kernel/chr_drv/chr_drv.a(serial.o)
 .debug_aranges
                0x0000000000000478       0x20 kernel/chr_drv/chr_drv.a(tty_ioctl.o)
 .debug_aranges
                0x0000000000000498       0x20 kernel/math/math.a(math_emulate.o)
 .debug_aranges
                0x00000000000004b8       0x18 lib/lib.a(ctype.o)
 .debug_aranges
                0x00000000000004d0       0x20 lib/lib.a(_exit.o)
 .debug_aranges
                0x00000000000004f0       0x20 lib/lib.a(open.o)
 .debug_aranges
                0x0000000000000510       0x20 lib/lib.a(close.o)
 .debug_aranges
                0x0000000000000530       0x18 lib/lib.a(errno.o)
 .debug_aranges
                0x0000000000000548       0x20 lib/lib.a(write.o)
 .debug_aranges
                0x0000000000000568       0x20 lib/lib.a(dup.o)
 .debug_aranges
                0x0000000000000588       0x20 lib/lib.a(setsid.o)
 .debug_aranges
                0x00000000000005a8       0x20 lib/lib.a(execve.o)
 .debug_aranges
                0x00000000000005c8       0x20 lib/lib.a(wait.o)

.debug_pubnames
 *(.debug_pubnames)

.debug_info     0x0000000000000000    0x19b05
 *(.debug_info .gnu.linkonce.wi.*)
 .debug_info    0x0000000000000000      0x753 init/main.o
 .debug_info    0x0000000000000753     0x52ef kernel/kernel.o
 .debug_info    0x0000000000005a42      0xdbd mm/mm.o
 .debug_info    0x00000000000067ff     0xbd6c fs/fs.o
 .debug_info    0x000000000001256b      0xa3a kernel/blk_drv/blk_drv.a(ll_rw_blk.o)
 .debug_info    0x0000000000012fa5     0x107a kernel/blk_drv/blk_drv.a(floppy.o)
 .debug_info    0x000000000001401f      0xfa6 kernel/blk_drv/blk_drv.a(hd.o)
 .debug_info    0x0000000000014fc5      0xb63 kernel/blk_drv/blk_drv.a(ramdisk.o)
 .debug_info    0x0000000000015b28      0xb63 kernel/chr_drv/chr_drv.a(tty_io.o)
 .debug_info    0x000000000001668b     0x117c kernel/chr_drv/chr_drv.a(console.o)
 .debug_info    0x0000000000017807      0x872 kernel/chr_drv/chr_drv.a(serial.o)
 .debug_info    0x0000000000018079      0xc38 kernel/chr_drv/chr_drv.a(tty_ioctl.o)
 .debug_info    0x0000000000018cb1      0x7c7 kernel/math/math.a(math_emulate.o)
 .debug_info    0x0000000000019478       0x66 lib/lib.a(ctype.o)
 .debug_info    0x00000000000194de       0x77 lib/lib.a(_exit.o)
 .debug_info    0x0000000000019555       0xd3 lib/lib.a(open.o)
 .debug_info    0x0000000000019628       0x98 lib/lib.a(close.o)
 .debug_info    0x00000000000196c0       0x36 lib/lib.a(errno.o)
 .debug_info    0x00000000000196f6       0xca lib/lib.a(write.o)
 .debug_info    0x00000000000197c0       0x98 lib/lib.a(dup.o)
 .debug_info    0x0000000000019858       0x96 lib/lib.a(setsid.o)
 .debug_info    0x00000000000198ee       0xcc lib/lib.a(execve.o)
 .debug_info    0x00000000000199ba      0x14b lib/lib.a(wait.o)

.debug_abbrev   0x0000000000000000     0x4e6d
 *(.debug_abbrev)
 .debug_abbrev  0x0000000000000000      0x233 init/main.o
 .debug_abbrev  0x0000000000000233     0x1110 kernel/kernel.o
 .debug_abbrev  0x0000000000001343      0x2a4 mm/mm.o
 .debug_abbrev  0x00000000000015e7     0x1f05 fs/fs.o
 .debug_abbrev  0x00000000000034ec      0x1fd kernel/blk_drv/blk_drv.a(ll_rw_blk.o)
 .debug_abbrev  0x00000000000036e9      0x2c4 kernel/blk_drv/blk_drv.a(floppy.o)
 .debug_abbrev  0x00000000000039ad      0x32e kernel/blk_drv/blk_drv.a(hd.o)
 .debug_abbrev  0x0000000000003cdb      0x1a8 kernel/blk_drv/blk_drv.a(ramdisk.o)
 .debug_abbrev  0x0000000000003e83      0x2da kernel/chr_drv/chr_drv.a(tty_io.o)
 .debug_abbrev  0x000000000000415d      0x310 kernel/chr_drv/chr_drv.a(console.o)
 .debug_abbrev  0x000000000000446d      0x17e kernel/chr_drv/chr_drv.a(serial.o)
 .debug_abbrev  0x00000000000045eb      0x240 kernel/chr_drv/chr_drv.a(tty_ioctl.o)
 .debug_abbrev  0x000000000000482b      0x15e kernel/math/math.a(math_emulate.o)
 .debug_abbrev  0x0000000000004989       0x3e lib/lib.a(ctype.o)
 .debug_abbrev  0x00000000000049c7       0x54 lib/lib.a(_exit.o)
 .debug_abbrev  0x0000000000004a1b       0xa6 lib/lib.a(open.o)
 .debug_abbrev  0x0000000000004ac1       0x75 lib/lib.a(close.o)
 .debug_abbrev  0x0000000000004b36       0x2c lib/lib.a(errno.o)
 .debug_abbrev  0x0000000000004b62       0xa1 lib/lib.a(write.o)
 .debug_abbrev  0x0000000000004c03       0x75 lib/lib.a(dup.o)
 .debug_abbrev  0x0000000000004c78       0x73 lib/lib.a(setsid.o)
 .debug_abbrev  0x0000000000004ceb       0x85 lib/lib.a(execve.o)
 .debug_abbrev  0x0000000000004d70       0xfd lib/lib.a(wait.o)

.debug_line     0x0000000000000000     0x3cdc
 *(.debug_line .debug_line.* .debug_line_end)
 .debug_line    0x0000000000000000      0x14f init/main.o
 .debug_line    0x000000000000014f      0xc23 kernel/kernel.o
 .debug_line    0x0000000000000d72      0x207 mm/mm.o
 .debug_line    0x0000000000000f79     0x1990 fs/fs.o
 .debug_line    0x0000000000002909      0x12e kernel/blk_drv/blk_drv.a(ll_rw_blk.o)
 .debug_line    0x0000000000002a37      0x267 kernel/blk_drv/blk_drv.a(floppy.o)
 .debug_line    0x0000000000002c9e      0x238 kernel/blk_drv/blk_drv.a(hd.o)
 .debug_line    0x0000000000002ed6      0x12f kernel/blk_drv/blk_drv.a(ramdisk.o)
 .debug_line    0x0000000000003005      0x29a kernel/chr_drv/chr_drv.a(tty_io.o)
 .debug_line    0x000000000000329f      0x3c9 kernel/chr_drv/chr_drv.a(console.o)
 .debug_line    0x0000000000003668       0xcf kernel/chr_drv/chr_drv.a(serial.o)
 .debug_line    0x0000000000003737      0x184 kernel/chr_drv/chr_drv.a(tty_ioctl.o)
 .debug_line    0x00000000000038bb       0xdf kernel/math/math.a(math_emulate.o)
 .debug_line    0x000000000000399a       0x28 lib/lib.a(ctype.o)
 .debug_line    0x00000000000039c2       0x39 lib/lib.a(_exit.o)
 .debug_line    0x00000000000039fb       0x5f lib/lib.a(open.o)
 .debug_line    0x0000000000003a5a       0x56 lib/lib.a(close.o)
 .debug_line    0x0000000000003ab0       0x28 lib/lib.a(errno.o)
 .debug_line    0x0000000000003ad8       0x71 lib/lib.a(write.o)
 .debug_line    0x0000000000003b49       0x54 lib/lib.a(dup.o)
 .debug_line    0x0000000000003b9d       0x71 lib/lib.a(setsid.o)
 .debug_line    0x0000000000003c0e       0x58 lib/lib.a(execve.o)
 .debug_line    0x0000000000003c66       0x76 lib/lib.a(wait.o)

.debug_frame
 *(.debug_frame)

.debug_str      0x0000000000000000     0x1f89
 *(.debug_str)
 .debug_str     0x0000000000000000      0x237 init/main.o
                                        0x2b2 (size before relaxing)
 .debug_str     0x0000000000000237      0xa40 kernel/kernel.o
                                       0x23ba (size before relaxing)
 .debug_str     0x0000000000000c77      0x1ca mm/mm.o
                                        0x527 (size before relaxing)
 .debug_str     0x0000000000000e41      0x940 fs/fs.o
                                       0x4b8f (size before relaxing)
 .debug_str     0x0000000000001781       0xcd kernel/blk_drv/blk_drv.a(ll_rw_blk.o)
                                        0x4c0 (size before relaxing)
 .debug_str     0x000000000000184e      0x1b5 kernel/blk_drv/blk_drv.a(floppy.o)
                                        0x6ba (size before relaxing)
 .debug_str     0x0000000000001a03      0x180 kernel/blk_drv/blk_drv.a(hd.o)
                                        0x62a (size before relaxing)
 .debug_str     0x0000000000001b83       0x3b kernel/blk_drv/blk_drv.a(ramdisk.o)
                                        0x58a (size before relaxing)
 .debug_str     0x0000000000001bbe       0xc7 kernel/chr_drv/chr_drv.a(tty_io.o)
                                        0x524 (size before relaxing)
 .debug_str     0x0000000000001c85      0x1b0 kernel/chr_drv/chr_drv.a(console.o)
                                        0x5d3 (size before relaxing)
 .debug_str     0x0000000000001e35       0x12 kernel/chr_drv/chr_drv.a(serial.o)
                                        0x409 (size before relaxing)
 .debug_str     0x0000000000001e47       0x70 kernel/chr_drv/chr_drv.a(tty_ioctl.o)
                                        0x4a6 (size before relaxing)
 .debug_str     0x0000000000001eb7       0x66 kernel/math/math.a(math_emulate.o)
                                        0x3be (size before relaxing)
 .debug_str     0x0000000000001f1d       0x2b lib/lib.a(ctype.o)
                                         0xcd (size before relaxing)
 .debug_str     0x0000000000001f48        0x8 lib/lib.a(_exit.o)
                                         0xf9 (size before relaxing)
 .debug_str     0x0000000000001f50      0x109 lib/lib.a(open.o)
 .debug_str     0x0000000000001f50        0x8 lib/lib.a(close.o)
                                         0xfb (size before relaxing)
 .debug_str     0x0000000000001f58        0x8 lib/lib.a(errno.o)
                                         0xaa (size before relaxing)
 .debug_str     0x0000000000001f60        0x8 lib/lib.a(write.o)
                                        0x107 (size before relaxing)
 .debug_str     0x0000000000001f60        0x6 lib/lib.a(dup.o)
                                         0xf3 (size before relaxing)
 .debug_str     0x0000000000001f66        0x9 lib/lib.a(setsid.o)
                                        0x103 (size before relaxing)
 .debug_str     0x0000000000001f6f        0x9 lib/lib.a(execve.o)
                                        0x10c (size before relaxing)
 .debug_str     0x0000000000001f78       0x11 lib/lib.a(wait.o)
                                        0x119 (size before relaxing)

.debug_loc      0x0000000000000000     0x87f7
 *(.debug_loc)
 .debug_loc     0x0000000000000000      0x1b4 init/main.o
 .debug_loc     0x00000000000001b4     0x182a kernel/kernel.o
 .debug_loc     0x00000000000019de      0x8ad mm/mm.o
 .debug_loc     0x000000000000228b     0x43b1 fs/fs.o
 .debug_loc     0x000000000000663c      0x1f0 kernel/blk_drv/blk_drv.a(ll_rw_blk.o)
 .debug_loc     0x000000000000682c      0x2d7 kernel/blk_drv/blk_drv.a(floppy.o)
 .debug_loc     0x0000000000006b03      0x660 kernel/blk_drv/blk_drv.a(hd.o)
 .debug_loc     0x0000000000007163      0x297 kernel/blk_drv/blk_drv.a(ramdisk.o)
 .debug_loc     0x00000000000073fa      0x595 kernel/chr_drv/chr_drv.a(tty_io.o)
 .debug_loc     0x000000000000798f      0x9af kernel/chr_drv/chr_drv.a(console.o)
 .debug_loc     0x000000000000833e       0x44 kernel/chr_drv/chr_drv.a(serial.o)
 .debug_loc     0x0000000000008382      0x2a9 kernel/chr_drv/chr_drv.a(tty_ioctl.o)
 .debug_loc     0x000000000000862b       0x87 kernel/math/math.a(math_emulate.o)
 .debug_loc     0x00000000000086b2       0x21 lib/lib.a(open.o)
 .debug_loc     0x00000000000086d3       0x21 lib/lib.a(close.o)
 .debug_loc     0x00000000000086f4       0x21 lib/lib.a(write.o)
 .debug_loc     0x0000000000008715       0x21 lib/lib.a(dup.o)
 .debug_loc     0x0000000000008736       0x21 lib/lib.a(setsid.o)
 .debug_loc     0x0000000000008757       0x21 lib/lib.a(execve.o)
 .debug_loc     0x0000000000008778       0x7f lib/lib.a(wait.o)

.debug_macinfo
 *(.debug_macinfo)

.debug_weaknames
 *(.debug_weaknames)

.debug_funcnames
 *(.debug_funcnames)

.debug_typenames
 *(.debug_typenames)

.debug_varnames
 *(.debug_varnames)

.debug_pubtypes
 *(.debug_pubtypes)

.debug_ranges   0x0000000000000000      0x388
 *(.debug_ranges)
 .debug_ranges  0x0000000000000000       0x30 init/main.o
 .debug_ranges  0x0000000000000030       0x68 kernel/kernel.o
 .debug_ranges  0x0000000000000098       0x18 mm/mm.o
 .debug_ranges  0x00000000000000b0      0x128 fs/fs.o
 .debug_ranges  0x00000000000001d8       0x18 kernel/blk_drv/blk_drv.a(ll_rw_blk.o)
 .debug_ranges  0x00000000000001f0       0x48 kernel/blk_drv/blk_drv.a(floppy.o)
 .debug_ranges  0x0000000000000238       0x48 kernel/blk_drv/blk_drv.a(hd.o)
 .debug_ranges  0x0000000000000280       0xd8 kernel/chr_drv/chr_drv.a(console.o)
 .debug_ranges  0x0000000000000358       0x30 kernel/chr_drv/chr_drv.a(tty_ioctl.o)

.debug_macro
 *(.debug_macro)

.gnu.attributes
 *(.gnu.attributes)

/DISCARD/
 *(.note.GNU-stack)
 *(.gnu_debuglink)
 *(.gnu.lto_*)
OUTPUT(tools/system elf32-i386)
